18:15:55 **** Incremental Build of configuration Debug for project BlinkTimer ****
make -j12 all 
arm-none-eabi-gcc "../Core/Src/main.c" -mcpu=cortex-m3 -std=gnu11 -g3 -DDEBUG -DUSE_HAL_DRIVER -DSTM32F103xB -c -I../Core/Inc -I../Drivers/STM32F1xx_HAL_Driver/Inc/Legacy -I../Drivers/STM32F1xx_HAL_Driver/Inc -I../Drivers/CMSIS/Device/ST/STM32F1xx/Include -I../Drivers/CMSIS/Include -O0 -ffunction-sections -fdata-sections -Wall -fstack-usage -fcyclomatic-complexity -MMD -MP -MF"Core/Src/main.d" -MT"Core/Src/main.o" --specs=nano.specs -mfloat-abi=soft -mthumb -o "Core/Src/main.o"
arm-none-eabi-gcc -o "BlinkTimer.elf" @"objects.list"   -mcpu=cortex-m3 -T"D:\Embedded Programming\STMCube_IDE\STM32_Tutorial_CubeIDE\BlinkTimer\STM32F103C8TX_FLASH.ld" --specs=nosys.specs -Wl,-Map="BlinkTimer.map" -Wl,--gc-sections -static --specs=nano.specs -mfloat-abi=soft -mthumb -Wl,--start-group -lc -lm -Wl,--end-group
Finished building target: BlinkTimer.elf
 
arm-none-eabi-size  BlinkTimer.elf 
arm-none-eabi-objdump -h -S BlinkTimer.elf  > "BlinkTimer.list"
   text	   data	    bss	    dec	    hex	filename
   7004	     12	   1644	   8660	   21d4	BlinkTimer.elf
Finished building: default.size.stdout
 
Finished building: BlinkTimer.list
 

18:15:56 Build Finished. 0 errors, 0 warnings. (took 806ms)

